
--- Configuration for ARF ---
Preprocessing: raw_data/nursery.csv
Saved preprocessed discrete dataset to: discretized_data/nursery.csv
Starting pipeline for arf on nursery
Loaded data with shape: (12960, 9)
Saved train/test full data
Train size: (10368, 9), Test size: (2592, 9)
Train label distribution:
 8
0    0.333333
1    0.329186
3    0.312018
4    0.025270
2    0.000193
Name: proportion, dtype: float64
Test label distribution:
 8
0    0.333333
1    0.329090
3    0.312114
4    0.025463
Name: proportion, dtype: float64
Saved X/y split
Training shape: (10368, 8) (10368,)
Test shape: (2592, 8) (2592,)
Loading ARF data from: sample_data/nursery
Training ARF on 10368 rows...
Generating synthetic data to: synthetic/nursery/arf
Saved artifacts.

Results saved to: Results/nursery/arf_tstr.csv

TSTR Evaluation Results:

LR:
Accuracy: 0.7546
F1 Score: 0.7458

MLP:
Accuracy: 0.8900
F1 Score: 0.8817

RF:
Accuracy: 0.9001
F1 Score: 0.8933

XGBoost:
Accuracy: 0.8970
F1 Score: 0.8959
