
--- Configuration for ARF ---
Preprocessing: raw_data/car.csv
Saved preprocessed discrete dataset to: discretized_data/car.csv
Starting pipeline for arf on car
Loaded data with shape: (1728, 7)
Saved train/test full data
Train size: (1382, 7), Test size: (346, 7)
Train label distribution:
 6
2    0.700434
0    0.222142
1    0.039797
3    0.037627
Name: proportion, dtype: float64
Test label distribution:
 6
2    0.699422
0    0.222543
1    0.040462
3    0.037572
Name: proportion, dtype: float64
Saved X/y split
Training shape: (1382, 6) (1382,)
Test shape: (346, 6) (346,)
Loading ARF data from: sample_data/car
Training ARF on 1382 rows...
Generating synthetic data to: synthetic/car/arf
Saved artifacts.

Results saved to: Results/car/arf_tstr.csv

TSTR Evaluation Results:

LR:
Accuracy: 0.7052
F1 Score: 0.6249

MLP:
Accuracy: 0.8526
F1 Score: 0.8307

RF:
Accuracy: 0.8150
F1 Score: 0.8010

XGBoost:
Accuracy: 0.8064
F1 Score: 0.7992
