Preprocessing: raw_data/magic.csv
Saved preprocessed discrete dataset to: discretized_data/magic.csv
Starting pipeline for privbayes on magic
Loaded data with shape: (19020, 11)
Saved train/test full data
Train size: (15216, 11), Test size: (3804, 11)
Train label distribution:
 class
0    0.648396
1    0.351604
Name: proportion, dtype: float64
Test label distribution:
 class
0    0.648265
1    0.351735
Name: proportion, dtype: float64
Saved X/y split
Training shape: (15216, 10) (15216,)
Test shape: (3804, 10) (3804,)
Loading PrivBayes data from: sample_data/magic
Training PrivBayes (epsilon=1.0, k=2) on 15216 rows...
================ Constructing Bayesian Network (BN) ================
Adding ROOT col_fM3Long
Adding attribute col_fConc
Adding attribute col_fConc1
Adding attribute col_fWidth
Adding attribute col_fM3Trans
Adding attribute col_fLength
Adding attribute col_fAsym
Adding attribute col_fSize
Adding attribute col_class
Adding attribute col_fDist
Adding attribute col_fAlpha
========================== BN constructed ==========================
PrivBayes description saved to synthetic/magic/privbayes/description.json
Generating synthetic data to: synthetic/magic/privbayes

Results saved to: Results/magic/privbayes_tstr.csv

TSTR Evaluation Results:

LR:
Accuracy: 0.7760
F1 Score: 0.7740
AUC: 0.8226

MLP:
Accuracy: 0.7784
F1 Score: 0.7674
AUC: 0.8418

RF:
Accuracy: 0.7679
F1 Score: 0.7617
AUC: 0.8204

XGBoost:
Accuracy: 0.7831
F1 Score: 0.7801
AUC: 0.8214
