Preprocessing: raw_data/adult.csv
Saved preprocessed discrete dataset to: discretized_data/adult.csv
Starting pipeline for tvae on adult
Loaded data with shape: (32561, 15)
Saved train/test full data
Train size: (26048, 15), Test size: (6513, 15)
Train label distribution:
 class
0    0.759175
1    0.240825
Name: proportion, dtype: float64
Test label distribution:
 class
0    0.759251
1    0.240749
Name: proportion, dtype: float64
Saved X/y split
Training shape: (26048, 14) (26048,)
Test shape: (6513, 14) (6513,)
Loading TVAE data from: sample_data/adult
Training TVAE on 26048 rows...
Generating synthetic data to: synthetic/adult/tvae
Saved artifacts.

Results saved to: Results/adult/tvae_tstr.csv

TSTR Evaluation Results:

LR:
Accuracy: 0.8099
F1 Score: 0.7965
AUC: 0.8319

MLP:
Accuracy: 0.8113
F1 Score: 0.8143
AUC: 0.8687

RF:
Accuracy: 0.8197
F1 Score: 0.8163
AUC: 0.8542

XGBoost:
Accuracy: 0.7768
F1 Score: 0.7901
AUC: 0.8711
