Preprocessing: raw_data/shuttle.csv
Saved preprocessed discrete dataset to: discretized_data/shuttle.csv
Starting pipeline for tvae on shuttle
Loaded data with shape: (58000, 10)
Saved train/test full data
Train size: (46400, 10), Test size: (11600, 10)
Train label distribution:
 class
0    0.785970
3    0.153491
4    0.056336
2    0.002953
1    0.000862
6    0.000216
5    0.000172
Name: proportion, dtype: float64
Test label distribution:
 class
0    0.785948
3    0.153534
4    0.056293
2    0.002931
1    0.000862
6    0.000259
5    0.000172
Name: proportion, dtype: float64
Saved X/y split
Training shape: (46400, 9) (46400,)
Test shape: (11600, 9) (11600,)
Loading TVAE data from: sample_data/shuttle
Training TVAE on 46400 rows...
Generating synthetic data to: synthetic/shuttle/tvae
Saved artifacts.

Results saved to: Results/shuttle/tvae_tstr.csv

TSTR Evaluation Results:

LR:
Accuracy: 0.9153
F1 Score: 0.9020

MLP:
Accuracy: 0.9439
F1 Score: 0.9388

RF:
Accuracy: 0.9354
F1 Score: 0.9282

XGBoost:
Accuracy: 0.9372
F1 Score: 0.9311
